build uboot

./make.sh rk3576-poc

```
lchy0113@kdiwin-nb:~/HNDEV_PC/work/Rockchip/ROCKCHIP_ANDROID15_DEV$ rkdeveloptool gpt rockdev/Image-rk3576_u_poc/parameter.txt
Writing gpt...
Reading Flash Info failed!
lchy0113@kdiwin-nb:~/HNDEV_PC/work/Rockchip/ROCKCHIP_ANDROID15_DEV$ rkdeveloptool db u-boot/rk3576_spl_loader_v1.09.107.bin
Downloading bootloader succeeded.
lchy0113@kdiwin-nb:~/HNDEV_PC/work/Rockchip/ROCKCHIP_ANDROID15_DEV$ rkdeveloptool gpt rockdev/Image-rk3576_u_poc/parameter.txt
Writing gpt...
Reading Flash Info failed!
lchy0113@kdiwin-nb:~/HNDEV_PC/work/Rockchip/ROCKCHIP_ANDROID15_DEV$ rkdeveloptool gpt rockdev/Image-rk3576_u_poc/parameter.txt
Writing gpt succeeded.
lchy0113@kdiwin-nb:~/HNDEV_PC/work/Rockchip/ROCKCHIP_ANDROID15_DEV$ rkdeveloptool ppt
**********Partition Info(GPT)**********
NO  LBA       Name
00  00002000  security
01  00004000  uboot
02  00006000  trust
03  00008000  misc
04  0000A000  dtbo
05  0000C000  vbmeta
06  0000C800  boot
07  0002C800  recovery
08  0005C800  backup
09  0011C800  cache
10  001DC800  metadata
11  001FC800  frp
12  001FCC00  baseparameter
13  001FD400  super
14  00811400  userdata
lchy0113@kdiwin-nb:~/HNDEV_PC/work/Rockchip/ROCKCHIP_ANDROID15_DEV$ rkdeveloptool wl 0x4000 u-boot/uboot.img
Write LBA from file (100%)
lchy0113@kdiwin-nb:~/HNDEV_PC/work/Rockchip/ROCKCHIP_ANDROID15_DEV$ rkdeveloptool rd
Reset Device OK.
lchy0113@kdiwin-nb:~/HNDEV_PC/work/Rockchip/ROCKCHIP_ANDROID15_DEV$ bz^C
lchy0113@kdiwin-nb:~/HNDEV_PC/work/Rockchip/ROCKCHIP_ANDROID15_DEV$ fastboot flash misc rkst/Image/misc.img
Sending 'misc' (48 KB)                             OKAY [  0.014s]
Writing 'misc'                                     OKAY [  0.048s]
Finished. Total time: 0.092s
lchy0113@kdiwin-nb:~/HNDEV_PC/work/Rockchip/ROCKCHIP_ANDROID15_DEV$ fastboot flash dtbo out/target/product/rk3576_u_poc/
all_modules.txt                     installed-files-odm_dlkm.json       installed-files-vendor.json         ramdisk-test-harness.img
android-info.txt                    installed-files-odm_dlkm.txt        installed-files-vendor.txt          rebuild-dtbo.img
apex/                               installed-files-odm.json            kernel                              recovery/
boot-debug.img                      installed-files-odm.txt             misc_info.txt                       recovery.img
lchy0113@kdiwin-nb:~/HNDEV_PC/work/Rockchip/ROCKCHIP_ANDROID15_DEV$ fastboot flash dtbo out/target/product/rk3576_u_poc/dtb.img
Sending 'dtbo' (283 KB)                            OKAY [  0.022s]
Writing 'dtbo'                                     OKAY [  0.022s]
Finished. Total time: 0.079s
lchy0113@kdiwin-nb:~/HNDEV_PC/work/Rockchip/ROCKCHIP_ANDROID15_DEV$ fastboot flash boot out/target/product/rk3576_u_poc/boot.img
Sending 'boot' (37840 KB)                          OKAY [  1.399s]
Writing 'boot'                                     OKAY [  0.326s]
Finished. Total time: 2.109s
lchy0113@kdiwin-nb:~/HNDEV_PC/work/Rockchip/ROCKCHIP_ANDROID15_DEV$ fastboot flash recovery out/target/product/rk3576_u_poc/recovery.img
Sending 'recovery' (81408 KB)                      OKAY [  2.932s]
Writing 'recovery'                                 OKAY [  0.701s]
Finished. Total time: 4.415s
lchy0113@kdiwin-nb:~/HNDEV_PC/work/Rockchip/ROCKCHIP_ANDROID15_DEV$ fastboot flash baseparameter device/rockchip/common/baseparameter/v2.0/baseparameter.img
Sending 'baseparameter' (1024 KB)                  OKAY [  0.051s]
Writing 'baseparameter'                            OKAY [  0.029s]
Finished. Total time: 0.112s
lchy0113@kdiwin-nb:~/HNDEV_PC/work/Rockchip/ROCKCHIP_ANDROID15_DEV$ fastboot flash super out/target/product/rk3576_u_poc/super.img
Sending sparse 'super' 1/18 (114684 KB)            OKAY [  4.590s]
Writing 'super'                                    OKAY [  1.027s]
Sending sparse 'super' 2/18 (113536 KB)            OKAY [  4.653s]
Writing 'super'                                    OKAY [  0.984s]
Sending sparse 'super' 3/18 (114684 KB)            OKAY [  4.552s]
Writing 'super'                                    OKAY [  0.994s]
Sending sparse 'super' 4/18 (114248 KB)            OKAY [  4.646s]
Writing 'super'                                    OKAY [  1.010s]
Sending sparse 'super' 5/18 (114684 KB)            OKAY [  4.690s]
Writing 'super'                                    OKAY [  1.034s]
Sending sparse 'super' 6/18 (114684 KB)            OKAY [  4.601s]
Writing 'super'                                    OKAY [  0.995s]
Sending sparse 'super' 7/18 (114684 KB)            OKAY [  4.598s]
Writing 'super'                                    OKAY [  0.993s]
Sending sparse 'super' 8/18 (110060 KB)            OKAY [  4.431s]
Writing 'super'                                    OKAY [  0.986s]
Sending sparse 'super' 9/18 (114684 KB)            OKAY [  4.673s]
Writing 'super'                                    OKAY [  1.005s]
Sending sparse 'super' 10/18 (107420 KB)           OKAY [  4.337s]
Writing 'super'                                    OKAY [  0.949s]
Sending sparse 'super' 11/18 (113676 KB)           OKAY [  4.646s]
Writing 'super'                                    OKAY [  1.070s]
Sending sparse 'super' 12/18 (113637 KB)           OKAY [  4.618s]
Writing 'super'                                    OKAY [  1.540s]
Sending sparse 'super' 13/18 (114684 KB)           OKAY [  4.612s]
Writing 'super'                                    OKAY [  1.011s]
Sending sparse 'super' 14/18 (114600 KB)           OKAY [  4.652s]
Writing 'super'                                    OKAY [  1.011s]
Sending sparse 'super' 15/18 (114612 KB)           OKAY [  4.552s]
Writing 'super'                                    OKAY [  1.021s]
Sending sparse 'super' 16/18 (114684 KB)           OKAY [  4.600s]
Writing 'super'                                    OKAY [  1.040s]
Sending sparse 'super' 17/18 (114684 KB)           OKAY [  4.638s]
Writing 'super'                                    OKAY [  0.985s]
Sending sparse 'super' 18/18 (92668 KB)            OKAY [  3.718s]
Writing 'super'                                    OKAY [  0.839s]
Finished. Total time: 100.501s
lchy0113@kdiwin-nb:~/HNDEV_PC/work/Rockchip/ROCKCHIP_ANDROID15_DEV$ fastboot flash vbmeta device/rockchip/common/vbmeta.img
Sending 'vbmeta' (4 KB)                            OKAY [  0.012s]
Writing 'vbmeta'                                   OKAY [  0.020s]
Finished. Total time: 0.064s
lchy0113@kdiwin-nb:~/HNDEV_PC/work/Rockchip/ROCKCHIP_ANDROID15_DEV$ fastboot reboot
Rebooting                                          OKAY [  0.005s]
Finished. Total time: 0.258s

```



```

[2025-10-13 20:03:47] [    2.665382][    T1] cdc_acm: USB Abstract Control Model driver for USB modems and ISDN adapters
[2025-10-13 20:03:47] [    2.665408][    T1] usbcore: registered new interface driver usblp
[2025-10-13 20:03:47] [    2.665429][    T1] usbcore: registered new interface driver cdc_wdm
[2025-10-13 20:03:47] [    2.665527][    T1] usbcore: registered new interface driver uas
[2025-10-13 20:03:47] [    2.665559][    T1] usbcore: registered new interface driver usb-storage
[2025-10-13 20:03:47] [    2.665580][    T1] usbcore: registered new interface driver ums-alauda
[2025-10-13 20:03:47] [    2.665600][    T1] usbcore: registered new interface driver ums-cypress
[2025-10-13 20:03:47] [    2.665619][    T1] usbcore: registered new interface driver ums-datafab
[2025-10-13 20:03:47] [    2.665639][    T1] usbcore: registered new interface driver ums_eneub6250
[2025-10-13 20:03:47] [    2.665658][    T1] usbcore: registered new interface driver ums-freecom
[2025-10-13 20:03:47] [    2.665677][    T1] usbcore: registered new interface driver ums-isd200
[2025-10-13 20:03:47] [    2.665696][    T1] usbcore: registered new interface driver ums-jumpshot
[2025-10-13 20:03:47] [    2.665715][    T1] usbcore: registered new interface driver ums-karma
[2025-10-13 20:03:47] [    2.665736][    T1] usbcore: registered new interface driver ums-onetouch
[2025-10-13 20:03:47] [    2.665755][    T1] usbcore: registered new interface driver ums-sddr09
[2025-10-13 20:03:47] [    2.665775][    T1] usbcore: registered new interface driver ums-sddr55
[2025-10-13 20:03:47] [    2.665795][    T1] usbcore: registered new interface driver ums-usbat
[2025-10-13 20:03:47] [    2.665835][    T1] usbcore: registered new interface driver usbserial_generic
[2025-10-13 20:03:47] [    2.665849][    T1] usbserial: USB Serial support registered for generic
[2025-10-13 20:03:47] [    2.665871][    T1] usbcore: registered new interface driver option
[2025-10-13 20:03:47] [    2.665883][    T1] usbserial: USB Serial support registered for GSM modem (1-port)
[2025-10-13 20:03:47] [    2.665923][    T1] usbcore: registered new interface driver trancevibrator
[2025-10-13 20:03:47] [    2.666212][    T1] usbcore: registered new interface driver xpad
[2025-10-13 20:03:47] [    2.666237][    T1] usbcore: registered new interface driver usb_acecad
[2025-10-13 20:03:47] [    2.666260][    T1] usbcore: registered new interface driver aiptek
[2025-10-13 20:03:47] [    2.666281][    T1] usbcore: registered new interface driver hanwang
[2025-10-13 20:03:47] [    2.666302][    T1] usbcore: registered new interface driver kbtab
[2025-10-13 20:03:47] [    2.666309][    T1] <I>CTS-SPIDrv Chipone touch driver init, version: v3.6.3
[2025-10-13 20:03:47] [    2.666314][    T1] <I>CTS-SPIDrv  - Register i2c driver
[2025-10-13 20:03:47] [    2.666339][    T1] <I>CTS-SPIDrv  - Register touch driver successfully
[2025-10-13 20:03:47] [    2.666354][    T1] cyttsp5_loader_init: Parade TTSP FW Loader Driver (Built TTDA.03.08.874312) rc=0
[2025-10-13 20:03:47] [    2.666418][    T1] pt_loader_init: Parade FW Loader Driver (Version TTDL.04.11.977092) rc=0
[2025-10-13 20:03:47] [    2.667009][    T1] i2c_dev: i2c /dev entries driver
[2025-10-13 20:03:47] [    2.667782][    T1] i2c 1-0023: Fixed dependency cycle(s) with /i2c@2ac40000/pmic@23/pinctrl_rk806/rk806_dvs1_pwrdn
[2025-10-13 20:03:47] [    2.667801][    T1] i2c 1-0023: Fixed dependency cycle(s) with /i2c@2ac40000/pmic@23/pinctrl_rk806/rk806_dvs3_null
[2025-10-13 20:03:47] [    2.667815][    T1] i2c 1-0023: Fixed dependency cycle(s) with /i2c@2ac40000/pmic@23/pinctrl_rk806/rk806_dvs2_null
[2025-10-13 20:03:47] [    2.667827][    T1] i2c 1-0023: Fixed dependency cycle(s) with /i2c@2ac40000/pmic@23/pinctrl_rk806/rk806_dvs1_null
[2025-10-13 20:03:47] [    2.669460][    T1] rk806 1-0023: chip id: RK806,ver:0xa, 0x5
[2025-10-13 20:03:47] [    2.670355][    T1] rk806 1-0023: ON: 0x40 OFF:0x0
[2025-10-13 20:03:47] [    2.670813][    T1] rk806 1-0023: dvs-suspend-control-by missing!
[2025-10-13 20:03:47] [    2.679910][    T1] input: rk805 pwrkey as /devices/platform/2ac40000.i2c/i2c-1/1-0023/rk805-pwrkey.2.auto/input/input0
[2025-10-13 20:03:47] [    2.701584][    C6] SError Interrupt on CPU6, code 0x00000000bf000002 -- SError
[2025-10-13 20:03:47] [    2.701590][    C6] CPU: 6 PID: 77 Comm: kworker/6:1 Not tainted 6.1.115 #1
[2025-10-13 20:03:47] [    2.701595][    C6] Hardware name: Rockchip RK3576 poc_v10 (DT)
[2025-10-13 20:03:47] [    2.701597][    C6] Workqueue: pm pm_runtime_work
[2025-10-13 20:03:47] [    2.701607][    C6] pstate: 204000c5 (nzCv daIF +PAN -UAO -TCO -DIT -SSBS BTYPE=--)
[2025-10-13 20:03:47] [    2.701611][    C6] pc : xhci_bus_resume+0x508/0x5a0
[2025-10-13 20:03:47] [    2.701620][    C6] lr : xhci_bus_resume+0x90/0x5a0
[2025-10-13 20:03:47] [    2.701625][    C6] sp : ffffffc00a98ba70
[2025-10-13 20:03:47] [    2.701626][    C6] x29: ffffffc00a98ba90 x28: ffffff800423bf40 x27: ffffff80037623e8
[2025-10-13 20:03:47] [    2.701632][    C6] x26: 0000000000001190 x25: 00000000ffffffff x24: 0000000000000001
[2025-10-13 20:03:47] [    2.701637][    C6] x23: ffffff8003762c80 x22: ffffff8003762000 x21: ffffff8003762260
[2025-10-13 20:03:47] [    2.701642][    C6] x20: 0000000000000001 x19: 0000000000000000 x18: ffffffc00a8ad078
[2025-10-13 20:03:47] [    2.701647][    C6] x17: ffffffc0094cab90 x16: 0000000000000001 x15: ffffffc00ac60420
[2025-10-13 20:03:47] [    2.701652][    C6] x14: 0000000000000280 x13: 00000000ffffffff x12: 000000007001fffc
[2025-10-13 20:03:47] [    2.701657][    C6] x11: 0000000001000001 x10: ffffffffffffffff x9 : 0000000000000000
[2025-10-13 20:03:47] [    2.701661][    C6] x8 : 0000000000000000 x7 : 0000000000000000 x6 : 0000000000000000
[2025-10-13 20:03:47] [    2.701665][    C6] x5 : 0000000000000000 x4 : 0000000000000001 x3 : 0000000000000010
[2025-10-13 20:03:47] [    2.701670][    C6] x2 : 0000000000000001 x1 : 0000000000000000 x0 : 0000000000000000
[2025-10-13 20:03:47] [    2.701675][    C6] Kernel panic - not syncing: Asynchronous SError Interrupt
[2025-10-13 20:03:47] [    2.701677][    C6] CPU: 6 PID: 77 Comm: kworker/6:1 Not tainted 6.1.115 #1
[2025-10-13 20:03:47] [    2.701681][    C6] Hardware name: Rockchip RK3576 poc_v10 (DT)
[2025-10-13 20:03:47] [    2.701683][    C6] Workqueue: pm pm_runtime_work
[2025-10-13 20:03:47] [    2.701687][    C6] Call trace:
[2025-10-13 20:03:47] [    2.701689][    C6]  dump_backtrace+0xf4/0x114
[2025-10-13 20:03:47] [    2.701696][    C6]  show_stack+0x18/0x24
[2025-10-13 20:03:47] [    2.701702][    C6]  dump_stack_lvl+0x6c/0x90
[2025-10-13 20:03:47] [    2.701707][    C6]  dump_stack+0x18/0x38
[2025-10-13 20:03:47] [    2.701710][    C6]  panic+0x14c/0x340
[2025-10-13 20:03:47] [    2.701716][    C6]  check_panic_on_warn+0x0/0x90
[2025-10-13 20:03:47] [    2.701721][    C6]  arm64_serror_panic+0x68/0x74
[2025-10-13 20:03:47] [    2.701724][    C6]  is_valid_bugaddr+0x0/0x8
[2025-10-13 20:03:47] [    2.701727][    C6]  el1h_64_error_handler+0x34/0x48
[2025-10-13 20:03:47] [    2.701731][    C6]  el1h_64_error+0x78/0x7c
[2025-10-13 20:03:47] [    2.701735][    C6]  xhci_bus_resume+0x508/0x5a0
[2025-10-13 20:03:47] [    2.701739][    C6]  hcd_bus_resume+0x68/0x1d0
[2025-10-13 20:03:47] [    2.701745][    C6]  hcd_bus_suspend+0x144/0x18c
[2025-10-13 20:03:47] [    2.701750][    C6]  usb_generic_driver_suspend+0x70/0x78
[2025-10-13 20:03:47] [    2.701754][    C6]  usb_suspend_both+0x434/0x470
[2025-10-13 20:03:47] [    2.701757][    C6]  usb_runtime_suspend+0x38/0x7c
[2025-10-13 20:03:47] [    2.701761][    C6]  __rpm_callback+0x7c/0x3bc
[2025-10-13 20:03:47] [    2.701764][    C6]  rpm_suspend+0x294/0x644
[2025-10-13 20:03:47] [    2.701767][    C6]  __pm_runtime_suspend+0x60/0xec
[2025-10-13 20:03:47] [    2.701770][    C6]  usb_runtime_idle+0x2c/0x40
[2025-10-13 20:03:47] [    2.701774][    C6]  rpm_idle+0x1f4/0x314
[2025-10-13 20:03:47] [    2.701777][    C6]  pm_runtime_work+0x80/0xa4
[2025-10-13 20:03:47] [    2.701780][    C6]  process_one_work+0x1a8/0x3b8
[2025-10-13 20:03:47] [    2.701786][    C6]  worker_thread+0x24c/0x420
[2025-10-13 20:03:47] [    2.701791][    C6]  kthread+0xe8/0x1b4
[2025-10-13 20:03:47] [    2.701795][    C6]  ret_from_fork+0x10/0x20
[2025-10-13 20:03:47] [    2.701800][    C6] SMP: stopping secondary CPUs
[2025-10-13 20:03:48] [    2.701803][    C5] CPU5: stopping
[2025-10-13 20:03:48] [    2.701804][    C4] CPU4: stopping
[2025-10-13 20:03:48] [    2.701804][    C7] CPU7: stopping
[2025-10-13 20:03:48] [    2.701804][    C1] CPU1: stopping
[2025-10-13 20:03:48] [    2.701803][    C0] CPU0: stopping
[2025-10-13 20:03:48] [    2.701804][    C3] CPU3: stopping
[2025-10-13 20:03:48] [    2.701804][    C2] CPU2: stopping
[2025-10-13 20:03:48] [    2.701807][    C5] CPU: 5 PID: 0 Comm: swapper/5 Not tainted 6.1.115 #1
[2025-10-13 20:03:48] [    2.701811][    C5] Hardware name: Rockchip RK3576 poc_v10 (DT)
[2025-10-13 20:03:48] [    2.701813][    C5] Call trace:
[2025-10-13 20:03:48] [    2.701814][    C5]  dump_backtrace+0xf4/0x114
[2025-10-13 20:03:48] [    2.701822][    C5]  show_stack+0x18/0x24
[2025-10-13 20:03:48] [    2.701827][    C5]  dump_stack_lvl+0x6c/0x90
[2025-10-13 20:03:48] [    2.701832][    C5]  dump_stack+0x18/0x38
[2025-10-13 20:03:48] [    2.701836][    C5]  ipi_handler+0x140/0x2dc
[2025-10-13 20:03:48] [    2.701840][    C5]  handle_percpu_devid_irq+0x84/0x20c
[2025-10-13 20:03:48] [    2.701847][    C5]  generic_handle_domain_irq+0x2c/0x44
[2025-10-13 20:03:48] [    2.701851][    C5]  gic_handle_irq+0x60/0xdc
[2025-10-13 20:03:48] [    2.701854][    C5]  call_on_irq_stack+0x3c/0x58
[2025-10-13 20:03:48] [    2.701859][    C5]  do_interrupt_handler+0x4c/0x6c
[2025-10-13 20:03:48] [    2.701863][    C5]  el1_interrupt+0x44/0x98
[2025-10-13 20:03:48] [    2.701867][    C5]  el1h_64_irq_handler+0x18/0x24
[2025-10-13 20:03:48] [    2.701871][    C5]  el1h_64_irq+0x78/0x7c
[2025-10-13 20:03:48] [    2.701874][    C5]  arch_local_irq_enable+0x8/0x1c
[2025-10-13 20:03:48] [    2.701879][    C5]  default_idle_call+0x38/0x150
[2025-10-13 20:03:48] [    2.701883][    C5]  do_idle+0xf4/0x2c4
[2025-10-13 20:03:48] [    2.701886][    C5]  cpu_startup_entry+0x34/0x38
[2025-10-13 20:03:48] [    2.701890][    C5]  secondary_start_kernel+0x120/0x19c
[2025-10-13 20:03:48] [    2.701894][    C5]  __secondary_switched+0x6c/0x70
[2025-10-13 20:03:48] [    2.701899][    C4] CPU: 4 PID: 0 Comm: swapper/4 Not tainted 6.1.115 #1
[2025-10-13 20:03:48] [    2.701903][    C4] Hardware name: Rockchip RK3576 poc_v10 (DT)
[2025-10-13 20:03:48] [    2.701905][    C4] Call trace:
[2025-10-13 20:03:48] [    2.701906][    C4]  dump_backtrace+0xf4/0x114
[2025-10-13 20:03:48] [    2.701913][    C4]  show_stack+0x18/0x24
[2025-10-13 20:03:48] [    2.701918][    C4]  dump_stack_lvl+0x6c/0x90
[2025-10-13 20:03:48] [    2.701922][    C4]  dump_stack+0x18/0x38
[2025-10-13 20:03:48] [    2.701926][    C4]  ipi_handler+0x140/0x2dc
[2025-10-13 20:03:48] [    2.701932][    C4]  handle_percpu_devid_irq+0x84/0x20c
[2025-10-13 20:03:48] [    2.701938][    C4]  generic_handle_domain_irq+0x2c/0x44
[2025-10-13 20:03:48] [    2.701942][    C4]  gic_handle_irq+0x60/0xdc
[2025-10-13 20:03:48] [    2.701945][    C4]  call_on_irq_stack+0x3c/0x58
[2025-10-13 20:03:48] [    2.701949][    C4]  do_interrupt_handler+0x4c/0x6c
[2025-10-13 20:03:48] [    2.701953][    C4]  el1_interrupt+0x44/0x98
[2025-10-13 20:03:48] [    2.701958][    C4]  el1h_64_irq_handler+0x18/0x24
[2025-10-13 20:03:48] [    2.701962][    C4]  el1h_64_irq+0x78/0x7c
[2025-10-13 20:03:48] [    2.701965][    C4]  arch_local_irq_enable+0x8/0x1c
[2025-10-13 20:03:48] [    2.701970][    C4]  default_idle_call+0x38/0x150
[2025-10-13 20:03:48] [    2.701973][    C4]  do_idle+0xf4/0x2c4
[2025-10-13 20:03:48] [    2.701976][    C4]  cpu_startup_entry+0x34/0x38
[2025-10-13 20:03:48] [    2.701979][    C4]  secondary_start_kernel+0x120/0x19c
[2025-10-13 20:03:48] [    2.701984][    C4]  __secondary_switched+0x6c/0x70
[2025-10-13 20:03:48] [    2.701989][    C7] CPU: 7 PID: 0 Comm: swapper/7 Not tainted 6.1.115 #1
[2025-10-13 20:03:48] [    2.701993][    C7] Hardware name: Rockchip RK3576 poc_v10 (DT)
[2025-10-13 20:03:48] [    2.701995][    C7] Call trace:
[2025-10-13 20:03:48] [    2.701996][    C7]  dump_backtrace+0xf4/0x114
[2025-10-13 20:03:48] [    2.702003][    C7]  show_stack+0x18/0x24
[2025-10-13 20:03:48] [    2.702008][    C7]  dump_stack_lvl+0x6c/0x90
[2025-10-13 20:03:48] [    2.702012][    C7]  dump_stack+0x18/0x38
[2025-10-13 20:03:48] [    2.702016][    C7]  ipi_handler+0x140/0x2dc
[2025-10-13 20:03:48] [    2.702021][    C7]  handle_percpu_devid_irq+0x84/0x20c
[2025-10-13 20:03:48] [    2.702027][    C7]  generic_handle_domain_irq+0x2c/0x44
[2025-10-13 20:03:48] [    2.702031][    C7]  gic_handle_irq+0x60/0xdc
[2025-10-13 20:03:48] [    2.702034][    C7]  call_on_irq_stack+0x3c/0x58
[2025-10-13 20:03:48] [    2.702038][    C7]  do_interrupt_handler+0x4c/0x6c
[2025-10-13 20:03:48] [    2.702043][    C7]  el1_interrupt+0x44/0x98
[2025-10-13 20:03:48] [    2.702047][    C7]  el1h_64_irq_handler+0x18/0x24
[2025-10-13 20:03:48] [    2.702051][    C7]  el1h_64_irq+0x78/0x7c
[2025-10-13 20:03:48] [    2.702054][    C7]  arch_local_irq_enable+0x8/0x1c
[2025-10-13 20:03:48] [    2.702059][    C7]  default_idle_call+0x38/0x150
[2025-10-13 20:03:48] [    2.702063][    C7]  do_idle+0xf4/0x2c4
[2025-10-13 20:03:48] [    2.702066][    C7]  cpu_startup_entry+0x34/0x38
[2025-10-13 20:03:48] [    2.702069][    C7]  secondary_start_kernel+0x120/0x19c
[2025-10-13 20:03:48] [    2.702073][    C7]  __secondary_switched+0x6c/0x70
[2025-10-13 20:03:48] [    2.702078][    C1] CPU: 1 PID: 0 Comm: swapper/1 Not tainted 6.1.115 #1
[2025-10-13 20:03:48] [    2.702084][    C1] Hardware name: Rockchip RK3576 poc_v10 (DT)
[2025-10-13 20:03:48] [    2.702087][    C1] Call trace:
[2025-10-13 20:03:48] [    2.702089][    C1]  dump_backtrace+0xf4/0x114
[2025-10-13 20:03:48] [    2.702099][    C1]  show_stack+0x18/0x24
[2025-10-13 20:03:48] [    2.702105][    C1]  dump_stack_lvl+0x6c/0x90
[2025-10-13 20:03:48] [    2.702110][    C1]  dump_stack+0x18/0x38
[2025-10-13 20:03:48] [    2.702115][    C1]  ipi_handler+0x140/0x2dc
[2025-10-13 20:03:48] [    2.702121][    C1]  handle_percpu_devid_irq+0x84/0x20c
[2025-10-13 20:03:48] [    2.702129][    C1]  generic_handle_domain_irq+0x2c/0x44
[2025-10-13 20:03:48] [    2.702134][    C1]  gic_handle_irq+0x60/0xdc
[2025-10-13 20:03:48] [    2.702139][    C1]  call_on_irq_stack+0x3c/0x58
[2025-10-13 20:03:48] [    2.702144][    C1]  do_interrupt_handler+0x4c/0x6c
[2025-10-13 20:03:48] [    2.702150][    C1]  el1_interrupt+0x44/0x98
[2025-10-13 20:03:48] [    2.702155][    C1]  el1h_64_irq_handler+0x18/0x24
[2025-10-13 20:03:48] [    2.702159][    C1]  el1h_64_irq+0x78/0x7c
[2025-10-13 20:03:48] [    2.702164][    C1]  arch_local_irq_enable+0x8/0x1c
[2025-10-13 20:03:48] [    2.702170][    C1]  default_idle_call+0x38/0x150
[2025-10-13 20:03:48] [    2.702175][    C1]  do_idle+0xf4/0x2c4
[2025-10-13 20:03:48] [    2.702180][    C1]  cpu_startup_entry+0x34/0x38
[2025-10-13 20:03:48] [    2.702184][    C1]  secondary_start_kernel+0x120/0x19c
[2025-10-13 20:03:48] [    2.702190][    C1]  __secondary_switched+0x6c/0x70
[2025-10-13 20:03:48] [    2.702196][    C0] CPU: 0 PID: 0 Comm: swapper/0 Not tainted 6.1.115 #1
[2025-10-13 20:03:48] [    2.702200][    C0] Hardware name: Rockchip RK3576 poc_v10 (DT)
[2025-10-13 20:03:48] [    2.702203][    C0] Call trace:
[2025-10-13 20:03:48] [    2.702204][    C0]  dump_backtrace+0xf4/0x114
[2025-10-13 20:03:48] [    2.702212][    C0]  show_stack+0x18/0x24
[2025-10-13 20:03:48] [    2.702218][    C0]  dump_stack_lvl+0x6c/0x90
[2025-10-13 20:03:48] [    2.702223][    C0]  dump_stack+0x18/0x38
[2025-10-13 20:03:48] [    2.702227][    C0]  ipi_handler+0x140/0x2dc
[2025-10-13 20:03:48] [    2.702233][    C0]  handle_percpu_devid_irq+0x84/0x20c
[2025-10-13 20:03:48] [    2.702240][    C0]  generic_handle_domain_irq+0x2c/0x44
[2025-10-13 20:03:48] [    2.702245][    C0]  gic_handle_irq+0x60/0xdc
[2025-10-13 20:03:48] [    2.702250][    C0]  call_on_irq_stack+0x3c/0x58
[2025-10-13 20:03:48] [    2.702255][    C0]  do_interrupt_handler+0x4c/0x6c
[2025-10-13 20:03:48] [    2.702261][    C0]  el1_interrupt+0x44/0x98
[2025-10-13 20:03:48] [    2.702265][    C0]  el1h_64_irq_handler+0x18/0x24
[2025-10-13 20:03:48] [    2.702270][    C0]  el1h_64_irq+0x78/0x7c
[2025-10-13 20:03:48] [    2.702274][    C0]  arch_local_irq_enable+0x8/0x1c
[2025-10-13 20:03:48] [    2.702281][    C0]  default_idle_call+0x38/0x150
[2025-10-13 20:03:48] [    2.702285][    C0]  do_idle+0xf4/0x2c4
[2025-10-13 20:03:48] [    2.702289][    C0]  cpu_startup_entry+0x34/0x38
[2025-10-13 20:03:48] [    2.702294][    C0]  kernel_init+0x0/0x1a4
[2025-10-13 20:03:48] [    2.702299][    C0]  start_kernel+0x0/0x428
[2025-10-13 20:03:48] [    2.702307][    C0]  start_kernel+0x394/0x428
[2025-10-13 20:03:48] [    2.702312][    C0]  __primary_switched+0xc4/0xcc
[2025-10-13 20:03:48] [    2.702320][    C2] CPU: 2 PID: 0 Comm: swapper/2 Not tainted 6.1.115 #1
[2025-10-13 20:03:48] [    2.702324][    C2] Hardware name: Rockchip RK3576 poc_v10 (DT)
[2025-10-13 20:03:48] [    2.702327][    C2] Call trace:
[2025-10-13 20:03:48] [    2.702328][    C2]  dump_backtrace+0xf4/0x114
[2025-10-13 20:03:48] [    2.702336][    C2]  show_stack+0x18/0x24
[2025-10-13 20:03:48] [    2.702342][    C2]  dump_stack_lvl+0x6c/0x90
[2025-10-13 20:03:48] [    2.702347][    C2]  dump_stack+0x18/0x38
[2025-10-13 20:03:48] [    2.702351][    C2]  ipi_handler+0x140/0x2dc
[2025-10-13 20:03:48] [    2.702357][    C2]  handle_percpu_devid_irq+0x84/0x20c
[2025-10-13 20:03:48] [    2.702364][    C2]  generic_handle_domain_irq+0x2c/0x44
[2025-10-13 20:03:48] [    2.702369][    C2]  gic_handle_irq+0x60/0xdc
[2025-10-13 20:03:48] [    2.702373][    C2]  call_on_irq_stack+0x3c/0x58
[2025-10-13 20:03:48] [    2.702378][    C2]  do_interrupt_handler+0x4c/0x6c
[2025-10-13 20:03:48] [    2.702384][    C2]  el1_interrupt+0x44/0x98
[2025-10-13 20:03:48] [    2.702389][    C2]  el1h_64_irq_handler+0x18/0x24
[2025-10-13 20:03:48] [    2.702394][    C2]  el1h_64_irq+0x78/0x7c
[2025-10-13 20:03:48] [    2.702398][    C2]  arch_local_irq_enable+0x8/0x1c
[2025-10-13 20:03:48] [    2.702404][    C2]  default_idle_call+0x38/0x150
[2025-10-13 20:03:48] [    2.702409][    C2]  do_idle+0xf4/0x2c4
[2025-10-13 20:03:48] [    2.702413][    C2]  cpu_startup_entry+0x34/0x38
[2025-10-13 20:03:48] [    2.702417][    C2]  secondary_start_kernel+0x120/0x19c
[2025-10-13 20:03:48] [    2.702423][    C2]  __secondary_switched+0x6c/0x70
[2025-10-13 20:03:48] [    2.702428][    C3] CPU: 3 PID: 0 Comm: swapper/3 Not tainted 6.1.115 #1
[2025-10-13 20:03:48] [    2.702434][    C3] Hardware name: Rockchip RK3576 poc_v10 (DT)
[2025-10-13 20:03:48] [    2.702436][    C3] Call trace:
[2025-10-13 20:03:48] [    2.702437][    C3]  dump_backtrace+0xf4/0x114
[2025-10-13 20:03:48] [    2.702445][    C3]  show_stack+0x18/0x24
[2025-10-13 20:03:48] [    2.702451][    C3]  dump_stack_lvl+0x6c/0x90
[2025-10-13 20:03:48] [    2.702456][    C3]  dump_stack+0x18/0x38
[2025-10-13 20:03:48] [    2.702461][    C3]  ipi_handler+0x140/0x2dc
[2025-10-13 20:03:48] [    2.702466][    C3]  handle_percpu_devid_irq+0x84/0x20c
[2025-10-13 20:03:48] [    2.702473][    C3]  generic_handle_domain_irq+0x2c/0x44
[2025-10-13 20:03:48] [    2.702479][    C3]  gic_handle_irq+0x60/0xdc
[2025-10-13 20:03:48] [    2.702483][    C3]  call_on_irq_stack+0x3c/0x58
[2025-10-13 20:03:48] [    2.702488][    C3]  do_interrupt_handler+0x4c/0x6c
[2025-10-13 20:03:48] [    2.702493][    C3]  el1_interrupt+0x44/0x98
[2025-10-13 20:03:48] [    2.702498][    C3]  el1h_64_irq_handler+0x18/0x24
[2025-10-13 20:03:48] [    2.702503][    C3]  el1h_64_irq+0x78/0x7c
[2025-10-13 20:03:48] [    2.702507][    C3]  arch_local_irq_enable+0x8/0x1c
[2025-10-13 20:03:48] [    2.702513][    C3]  default_idle_call+0x38/0x150
[2025-10-13 20:03:48] [    2.702518][    C3]  do_idle+0xf4/0x2c4
[2025-10-13 20:03:48] [    2.702522][    C3]  cpu_startup_entry+0x34/0x38
[2025-10-13 20:03:48] [    2.702527][    C3]  secondary_start_kernel+0x120/0x19c
[2025-10-13 20:03:48] [    2.702532][    C3]  __secondary_switched+0x6c/0x70
[2025-10-13 20:03:48] [    2.702540][    C6] CRU SEL:
[2025-10-13 20:03:48] [    2.702546][    C6] 00000000: 00000a73 00000147 000000e3 00000141 00000840 00000001 00000040 00000000
[2025-10-13 20:03:48] [    2.702552][    C6] 00000020: 00000000 000000c0 00000802 00000003 03105091 00000000 00010010 00000002
[2025-10-13 20:03:48] [    2.702558][    C6] 00000040: 002103de 00000000 002103de 00000200 00000000 0040101d 00000000 00080063
[2025-10-13 20:03:48] [    2.702564][    C6] 00000060: 00000000 00200129 000003fc 00006fe3 00001d2b 00000001 00001c00 00000027
[2025-10-13 20:03:48] [    2.702569][    C6] 00000080: 00000001 0000001f 0000001f 0000001f 0000a7a7 00003e00 00000000 00000000
[2025-10-13 20:03:48] [    2.702575][    C6] 000000a0: 00000000 00000004 00000a14 000020c1 00000001 000010a1 00000001 00000001
[2025-10-13 20:03:48] [    2.702580][    C6] 000000c0: 00000001 00000001 0000001f 0000000b 00000001 00000001 00000000 00000020
[2025-10-13 20:03:48] [    2.702586][    C6] 000000e0: 00000183 00000000 000003b0 0000000b 00000300 0000037f 0000037f 0000037f
[2025-10-13 20:03:48] [    2.702591][    C6] 00000100: 0000037f 0000037f 0000037f 0000037f 0000037f 0000037f 0000037f 00004200
[2025-10-13 20:03:48] [    2.702596][    C6] 00000120: 00001042 00000020 000000a0 00000000 00000085 00001061 00000102 00000000
[2025-10-13 20:03:48] [    2.702601][    C6] 00000140: 00000000 00000000 00000000 00000000 00000000 00000000 00000100 00000404
[2025-10-13 20:03:48] [    2.702607][    C6] 00000160: 0000000c 00004407 00000000 00000000 00000230 00009393 00000000 00000000
[2025-10-13 20:03:48] [    2.702612][    C6] 00000180: 00000000 00000000 00000000 00000000 00000000 00000000 00000000 0000000c
[2025-10-13 20:03:48] [    2.702617][    C6] 000001a0: 00002f02 00005daf 00000502 00000142 00000005 00000000 00000284 00000020
[2025-10-13 20:03:48] [    2.702623][    C6] 000001c0: 00000000 00000000 00000000 000000e5 00000000 00000000 00000020 00000060
[2025-10-13 20:03:48] [    2.702628][    C6] 000001e0: 00000120 00000020 03355460 00000010 00004008 00000000 00000000 00000000
[2025-10-13 20:03:48] [    2.702634][    C6] 00000200: 00000201 00000041 00000800 00000000 00000000 00000000 00000000 00000000
[2025-10-13 20:03:48] [    2.702639][    C6] 00000220: 00000000 00000000 00000000 00000000 00000000 00000000 00000000 00000000
[2025-10-13 20:03:48] [    2.702644][    C6] 00000240: 00000060 00000001 00000003 00000207 00000000 00000002 00000000 0000a502
[2025-10-13 20:03:48] [    2.702649][    C6] 00000260: 00000000 00000000 00000004 00000001 00002101 00000001 00000002 00000001
[2025-10-13 20:03:48] [    2.702654][    C6] 00000280: 00000001 00000049 00000001 00000001 00000001 00000040 00000000 00000000
[2025-10-13 20:03:48] [    2.702660][    C6] 000002a0: 00000060 00000000 00000000 00000000 00000000 00000000 00000000 00000000
[2025-10-13 20:03:48] [    2.702665][    C6] 000002c0: 00000000 00000000 00000000 00000000 00001002 00000000 00000000 00000000
[2025-10-13 20:03:48] [    2.702670][    C6] 000002e0: 00000000 00000000 00000000 00000000 00000000 00000000 00000000 00000000
[2025-10-13 20:03:48] [    2.702672][    C6] CRU GATE:
[2025-10-13 20:03:48] [    2.702676][    C6] 00000000: 00000000 00000c00 00000be0 00000000 00000000 00000000 00000000 00000000
[2025-10-13 20:03:48] [    2.702682][    C6] 00000020: 00000000 00000000 00000000 00000000 00000000 00000000 00000000 00000000
[2025-10-13 20:03:49] [    2.702687][    C6] 00000040: 00000000 00000000 00000000 0000000e 00000030 00000000 00000000 00000000
[2025-10-13 20:03:49] [    2.702692][    C6] 00000060: 00000000 00000000 00000000 00000000 00000000 00000000 00000000 00000000
[2025-10-13 20:03:49] [    2.702698][    C6] 00000080: 00000000 00000000 00000000 00000000 00000000 00000000 00000000 00000000
[2025-10-13 20:03:49] [    2.702703][    C6] 000000a0: 00000000 00000000 00000000 00000000 00000000 00000000 00000000 00000000
[2025-10-13 20:03:49] [    2.702708][    C6] 000000c0: 00000000 00000000 00000000 00000000 00000000 00000000 00000000 00000000
[2025-10-13 20:03:49] [    2.702714][    C6] 000000e0: 00000000 00000000 00000000 00000000 00000000 00000000 00000000 00000000
[2025-10-13 20:03:49] [    2.702719][    C6] 00000100: 00000000 00000000 00000000 00000000 00000000 00000000 00000000 00000000
[2025-10-13 20:03:49] [    2.702724][    C6] 00000120: 00000000 00000000 00000000 00000000 00000000 00000000 00000000 00000000
[2025-10-13 20:03:49] [    2.702729][    C6] 00000140: 00000000 00000000 00000000 00000000 00000000 00000000 00000000 00000000
[2025-10-13 20:03:49] [    2.702735][    C6] 00000160: 00000000 00000000 00000000 00000000 00000000 00000000 00000000 00000000
[2025-10-13 20:03:49] [    2.702740][    C6] 00000180: 00000000 00000000 00000000 00000000 00000000 00000000 00000000 00000000
[2025-10-13 20:03:49] [    2.702745][    C6] 000001a0: 00000000 00000000 00000000 00000000 00000000 00000000 00000000 00000000
[2025-10-13 20:03:49] [    2.702750][    C6] 000001c0: 00000000 00000000 00000000 00000000 00000000 00000000 00000000 00000000
[2025-10-13 20:03:49] [    2.702756][    C6] 000001e0: 00000000 00000000 00000000 00000000 00000000 00000000 00000000 00000000
[2025-10-13 20:03:49] [    2.702761][    C6] 00000200: 00000000 00000000 00000000 00000000 00000000 00000000 00000000 00000000
[2025-10-13 20:03:49] [    2.702766][    C6] 00000220: 00000000 00000000 00000000 00000000 00000000 00000000 00000000 00000000
[2025-10-13 20:03:49] [    2.702771][    C6] 00000240: 00000000 00000000 00000000 00001000 00000000 00000000 00000000 00000000
[2025-10-13 20:03:49] [    2.702776][    C6] 00000260: 00000000 00000000 00000000 00000000 00000000 00000000 00000000 00000000
[2025-10-13 20:03:49] [    2.702781][    C6] 00000280: 00000082 00000000 00008000 00000000 00000200 00000000 00000000 00000000
[2025-10-13 20:03:49] [    2.702786][    C6] 000002a0: 00000000 00000000 00000000 00000000 00000000 00000000 00000000 00000000
[2025-10-13 20:03:49] [    2.702792][    C6] 000002c0: 00000000 00000000 00000000 00000000 00000000 00000000 00000000 00000000
[2025-10-13 20:03:49] [    2.702797][    C6] 000002e0: 00000000 00000000 00000000 00000000 00000000 00000000 00000000 00000000
[2025-10-13 20:03:49] [    2.702799][    C6] CPU0 online:0
[2025-10-13 20:03:49] [    2.702802][    C6]    PC: <0xffffffc008027dd4> ipi_handler+0x9c/0x2dc
[2025-10-13 20:03:49] [    2.702883][    C6]
[2025-10-13 20:03:49] [    2.702884][    C6] CPU1 online:0
[2025-10-13 20:03:49] [    2.702887][    C6]    PC: <0xffffffc008027dd8> ipi_handler+0xa0/0x2dc
[2025-10-13 20:03:49] [    2.702967][    C6]
[2025-10-13 20:03:49] [    2.702969][    C6] CPU2 online:0
[2025-10-13 20:03:49] [    2.702971][    C6]    PC: <0xffffffc008027dd8> ipi_handler+0xa0/0x2dc
[2025-10-13 20:03:49] [    2.703051][    C6]
[2025-10-13 20:03:49] [    2.703053][    C6] CPU3 online:0
[2025-10-13 20:03:49] [    2.703055][    C6]    PC: <0xffffffc008027dd8> ipi_handler+0xa0/0x2dc
[2025-10-13 20:03:49] [    2.703135][    C6]
[2025-10-13 20:03:49] [    2.703136][    C6] CPU4 online:0

```

=====
내가 추가한 make-kernel.sh 와 build.sh -C 의 boot.img 생성 차이를 분석/해결 해야함. 
내가 추가한 make-kernel.sh 에서는 super image를 찾지 못함. 
우선적으로, usb 장치를 정리해야함. 


=====
```
[out]
Kernel command line: storagemedia=emmc androidboot.storagemedia=emmc androidboot.mode=normal  androidboot.dtb_idx=0 androidboot.dtbo_idx=0  androidboot.verifiedbootstate=orange androidboot.serialno=2f71136f3d35c739 console=ttyFIQ0 firmware_class.path=/vendor/etc/firmware init=/init rootwait ro loop.max_part=7 printk.devkmsg=on kvm-arm.mode=none androidboot.console=ttyFIQ0 androidboot.wificountrycode=CN androidboot.hardware=rk30board androidboot.boot_devices=2a2d0000.ufs,2a330000.mmc earlycon=uart8250,mmio32,0x2ad40000 rcupdate.rcu_expedited=1 rcu_nocbs=all androidboot.fwver=ddr-v1.09-2f85f4b2d4,spl-v1.07,bl31-v1.15,bl32-v1.05,uboot-763933a3f2-10/13/2025
```

```
[build_linux-6.1]
Kernel command line: storagemedia=emmc androidboot.storagemedia=emmc androidboot.mode=normal  androidboot.dtb_idx=0 androidboot.dtbo_idx=0  androidboot.verifiedbootstate=orange androidboot.serialno=2f71136f3d35c739 console=ttyFIQ0 firmware_class.path=/vendor/etc/firmware init=/init rootwait ro loop.max_part=7 androidboot.console=ttyFIQ0 androidboot.wificountrycode=KR androidboot.hardware=rk30board androidboot.boot_devices=2a330000.mmc androidboot.selinux=permissive buildvariant=userdebug earlycon=uart8250,mmio32,0x2ad40000 rcupdate.rcu_expedited=1 rcu_nocbs=all androidboot.fwver=ddr-v1.09-2f85f4b2d4,spl-v1.07,bl31-v1.15,bl32-v1.05,uboot-763933a3f2-10/13/2025


Kernel command line: storagemedia=emmc androidboot.storagemedia=emmc androidboot.mode=normal  androidboot.dtb_idx=0 androidboot.dtbo_idx=0  androidboot.verifiedbootstate=orange androidboot.serialno=2f71136f3d35c739 console=ttyFIQ0 firmware_class.path=/vendor/etc/firmware init=/init rootwait ro loop.max_part=7 printk.devkmsg=on kvm-arm.mode=none androidboot.console=ttyFIQ0 androidboot.wificountrycode=CN androidboot.hardware=rk30board androidboot.boot_devices=2a2d0000.ufs,2a330000.mmc androidboot.console=ttyFIQ0 androidboot.wificountrycode=CN androidboot.hardware=rk30board androidboot.boot_devices=2a2d0000.ufs,2a330000.mmc earlycon=uart8250,mmio32,0x2ad40000 rcupdate.rcu_expedited=1 rcu_nocbs=all androidboot.fwver=ddr-v1.09-2f85f4b2d4,spl-v1.07,bl31-v1.15,bl32-v1.05,uboot-763933a3f2-10/13/2025


```


console:/sys/kernel/debug/dri/0 # cat summary 
[2025-10-17 17:13:29]
[2025-10-17 17:13:29] Video Port0: ACTIVE
[2025-10-17 17:13:29]     Connector:DP-1        Encoder: TMDS-396
[2025-10-17 17:13:29]   bus_format[100a]: RGB888_1X24
[2025-10-17 17:13:29]   overlay_mode[0] output_mode[f] SDR[0] color-encoding[BT.709] color-range[Full]
[2025-10-17 17:13:29]     Display mode: 1920x1080p60
[2025-10-17 17:13:29]   dclk[138800 kHz] real_dclk[132000 kHz] aclk[702000 kHz] type[48] flag[a]
[2025-10-17 17:13:29]   H: 1920 1944 1992 2080
[2025-10-17 17:13:29]   V: 1080 1083 1095 1112
[2025-10-17 17:13:29]   Fixed H: 1920 1944 1992 2080
[2025-10-17 17:13:29]   Fixed V: 1080 1083 1095 1112
[2025-10-17 17:13:29]     Esmart0-win0: ACTIVE
[2025-10-17 17:13:29]   win_id: 0
[2025-10-17 17:13:29]   format: XR24 little-endian (0x34325258) pixel_blend_mode[0] glb_alpha[0xff]
[2025-10-17 17:13:29]   color: SDR[0] color-encoding[BT.601] color-range[Limited]
[2025-10-17 17:13:29]   rotate: xmirror: 0 ymirror: 0 rotate_90: 0 rotate_270: 0
[2025-10-17 17:13:29]   csc: y2r[0] r2y[0] csc mode[0]
[2025-10-17 17:13:29]   zpos: 0
[2025-10-17 17:13:29]   src: pos[0, 0] rect[654 x 270]
[2025-10-17 17:13:29]   dst: pos[633, 405] rect[654 x 270]
[2025-10-17 17:13:29]   buf[0]: addr: 0x00000000bdfad000 pitch: 2616 offset: 708608




[2025-10-17 17:27:57] Rockchip UBOOT DRM driver version: v1.0.1
[2025-10-17 17:27:57] Assign plane mask automatically
[2025-10-17 17:27:57] VOP have 1 active VP
[2025-10-17 17:27:57] vp0 have layer nr:1[Esmart0 ], primary plane: Esmart0
[2025-10-17 17:27:57] vp1 have layer nr:0[], primary plane: Cluster0
[2025-10-17 17:27:57] vp2 have layer nr:0[], primary plane: Cluster0
[2025-10-17 17:27:57] dw-dp: Too many retries, giving up. First error: -5
[2025-10-17 17:27:57] failed to get display timings from DT
[2025-10-17 17:27:57] EDID version: 1.4
[2025-10-17 17:27:57] Product ID code: 0536
[2025-10-17 17:27:57] Manufacturer: IVO
[2025-10-17 17:27:57] Serial number: 00000000
[2025-10-17 17:27:57] Manufactured in week: 0 year: 2018
[2025-10-17 17:27:57] Video input definition: digital signal, voltage level 0, blank to black, composite sync, serration v
[2025-10-17 17:27:57] Monitor is non-RGB
[2025-10-17 17:27:57] Maximum visible display size: 29 cm x 17 cm
[2025-10-17 17:27:57] Power management features: no active off, no suspend, no standby
[2025-10-17 17:27:57] Estabilished timings:
[2025-10-17 17:27:57] Standard timings:
[2025-10-17 17:27:57]   1920x1080       60 Hz (detailed)
[2025-10-17 17:27:57]   1920x1080       47 Hz (detailed)
[2025-10-17 17:27:57] Monitor ID: 7RK8F
[2025-10-17 17:27:57] dp0:  detailed mode clock 138800 kHz, flags[a]
[2025-10-17 17:27:58]     H: 1920 1944 1992 2080
[2025-10-17 17:27:58]     V: 1080 1083 1095 1112
[2025-10-17 17:27:58] bus_format: 100e
[2025-10-17 17:27:58] VOP update mode to: 1920x1080p0, type: DP0 for VP0
[2025-10-17 17:27:58] disp_info is empty
[2025-10-17 17:27:58] VP0 set crtc_clock to 132000KHz
[2025-10-17 17:27:58] VOP VP0 enable Esmart0[654x270->654x270@633x405] fmt[0] addr[0xbdf00000]
[2025-10-17 17:27:58] training link: 2 lanes at 2700 MHz
[2025-10-17 17:27:58] clock recovery succeeded
[2025-10-17 17:27:58] channel equalization succeeded
[2025-10-17 17:27:58] CLK: (uboot. arm: enter 1008000 KHz, init 1008000 KHz, kernel 0N/A)


[2025-10-17 17:30:17] Model: Rockchip RK3576 poc_v02
[2025-10-17 17:30:17] Rockchip UBOOT DRM driver version: v1.0.1
[2025-10-17 17:30:17] Assign plane mask automatically
[2025-10-17 17:30:17] VOP have 1 active VP
[2025-10-17 17:30:17] vp0 have layer nr:1[Esmart0 ], primary plane: Esmart0
[2025-10-17 17:30:17] vp1 have layer nr:0[], primary plane: Cluster0
[2025-10-17 17:30:17] vp2 have layer nr:0[], primary plane: Cluster0
[2025-10-17 17:30:17] dw-dp: Too many retries, giving up. First error: -5
[2025-10-17 17:30:17] failed to get display timings from DT
[2025-10-17 17:30:18] EDID version: 1.4
[2025-10-17 17:30:18] Product ID code: 0536
[2025-10-17 17:30:18] Manufacturer: IVO
[2025-10-17 17:30:18] Serial number: 00000000
[2025-10-17 17:30:18] Manufactured in week: 0 year: 2018
[2025-10-17 17:30:18] Video input definition: digital signal, voltage level 0, blank to black, composite sync, serration v
[2025-10-17 17:30:18] Monitor is non-RGB
[2025-10-17 17:30:18] Maximum visible display size: 29 cm x 17 cm
[2025-10-17 17:30:18] Power management features: no active off, no suspend, no standby
[2025-10-17 17:30:18] Estabilished timings:
[2025-10-17 17:30:18] Standard timings:
[2025-10-17 17:30:18]   1920x1080       60 Hz (detailed)
[2025-10-17 17:30:18]   1920x1080       47 Hz (detailed)
[2025-10-17 17:30:18] Monitor ID: 7RK8F
[2025-10-17 17:30:18] dp0:  detailed mode clock 138800 kHz, flags[a]
[2025-10-17 17:30:18]     H: 1920 1944 1992 2080
[2025-10-17 17:30:18]     V: 1080 1083 1095 1112
[2025-10-17 17:30:18] bus_format: 100e
[2025-10-17 17:30:18] VOP update mode to: 1920x1080p0, type: DP0 for VP0
[2025-10-17 17:30:18] disp_info is empty
[2025-10-17 17:30:18] VP0 set crtc_clock to 132000KHz
[2025-10-17 17:30:18] VOP VP0 enable Esmart0[654x270->654x270@633x405] fmt[0] addr[0xbdf00000]
[2025-10-17 17:30:18] training link: 2 lanes at 2700 MHz
[2025-10-17 17:30:18] clock recovery succeeded
[2025-10-17 17:30:18] channel equalization succeeded
[2025-10-17 17:30:18] CLK: (uboot. arm: enter 1008000 KHz, init 1008000 KHz, kernel 0N/A)



=====

terminal : 192.168.27.243 : rk3576_dev 

1. work/.../ROCKCHIP_ANDROID15_DEV :
 clear ; jfiglol -a -f=1 -t ~/Private/github/figlet-fonts/ANSI\ Regular.flf  RK3576_DEV
2. work/.../ROCKCHIP_ANDROID15_DEV :
 clear ; jfiglol -a -f=1 -t ~/Private/github/figlet-fonts/ANSI\ Regular.flf  RK3576_TRM

=====

	tinymix 'DAC MUX' 'SDIN1'; tinymix 'LineOut Amp1' 1; tinymix 'Line Out Volume 1' 13 ; tinymix 'LineOut Amp3 Mixer LOSW2' 1 ; tinymix 'Line Out Volume 3' 13  ; tinymix 'DAC Mute' 0
tinyplay /data/local/tmp/file_example_WAV_10MG.wav

    tinymix 'MIC Input Volume L' 13 ; tinymix 'ADC Mute' 0 ; tinymix 'SDOUT1 MUX' 'SDOUTAD' ; tinymix 'SDOUT1 Enable Switch' 1
tinycap /data/local/tmp/mic_16k.wav -D 0 -d 0 -c 2 -r 44100 -b 16 -t 10

=====
adb wait-for-device ; adb root ; adb remount ; adb shell 'echo 122 > /sys/class/gpio/export ; echo "out" > /sys/class/gpio/gpio122/direction  ; echo 1 > /sys/class/gpio/gpio122/value;  v4l2-ctl -d /dev/v4l-subdev2 --set-ctrl=test_pattern=1' 
echo 122 > /sys/class/gpio/export ; echo "out" > /sys/class/gpio/gpio122/direction  ; echo 1 > /sys/class/gpio/gpio122/value;
 v4l2-ctl -d /dev/v4l-subdev2 --set-ctrl=test_pattern=1
v4l2-ctl -d /dev/video0 \
  --set-fmt-video=width=1920,height=1080,pixelformat=UYVY \
  --stream-mmap=3 \
  --stream-skip=1 \
  --stream-count=1 \
  --stream-to=/data/local/tmp/out_1920x1080_uyvy.yuv

